export const snapshot = {};

snapshot[`getDeclDeps() searches (aliased) references for a 1`] = `
{
  AliasedImport: Set(0) {},
  Comp: Set(1) {
    "Page",
  },
  CompAAA: Set(0) {},
  InnerImport: Set(0) {},
  Page: Set(1) {
    "InnerImport",
  },
  a: Set(3) {
    "AliasedImport",
    "Comp",
    "aaa",
  },
  aaa: Set(1) {
    "CompAAA",
  },
}
`;

snapshot[`getDeclDeps() handles identical export names 1`] = `
{
  "AliasedImport (/d.tsx:6:22)": Set(0) {},
  "Comp (/b.tsx:5:22)": Set(1) {
    "Page (/c.tsx:8:22)",
  },
  "CompAAA (/b.tsx:6:22)": Set(0) {},
  "InnerImport (/d.tsx:5:22)": Set(0) {},
  "Page (/c.tsx:8:22)": Set(1) {
    "InnerImport (/d.tsx:5:22)",
  },
  "Unrelated (/b.tsx:9:22)": Set(0) {},
  "a (/a.ts:2:22)": Set(3) {
    "AliasedImport (/d.tsx:6:22)",
    "Comp (/b.tsx:5:22)",
    "aaa (/a.ts:4:19)",
  },
  "a (/c.tsx:6:22)": Set(0) {},
  "aaa (/a.ts:4:19)": Set(1) {
    "CompAAA (/b.tsx:6:22)",
  },
}
`;
