export const snapshot = {};

snapshot[`getDeclDeps() handles identical export names 1`] = `
{
  "a (/a.ts:2:22)": [
    "Comp (/b.tsx:5:22)",
    "AliasedImport (/d.tsx:6:22)"
  ],
  "aaa (/a.ts:4:19)": [
    "CompAAA (/b.tsx:6:22)"
  ],
  "Comp (/b.tsx:5:22)": [
    "Page (/c.tsx:8:22)"
  ],
  "CompAAA (/b.tsx:6:22)": [],
  "Unrelated (/b.tsx:9:22)": [],
  "a (/c.tsx:6:22)": [],
  "Page (/c.tsx:8:22)": [
    "InnerImport (/d.tsx:5:22)"
  ],
  "InnerImport (/d.tsx:5:22)": [],
  "AliasedImport (/d.tsx:6:22)": []
}
`;
