export const snapshot = {};

snapshot[`declDepsToGraph() converts declDeps into valid graph 1`] = `
{
  "/a.ts": {
    "a (/a.ts:1:14)": [
      "Comp (/b.tsx:4:14)",
      "aaa (/a.ts:3:14)",
      "AliasedImport (/d.tsx:8:14)",
    ],
    "aaa (/a.ts:3:14)": [
      "CompAAA (/b.tsx:5:14)",
    ],
  },
  "/b.tsx": {
    "Comp (/b.tsx:4:14)": [
      "Page (/c.tsx:7:14)",
    ],
    "CompAAA (/b.tsx:5:14)": [],
    "Unrelated (/b.tsx:8:14)": [
      "InnerImport (/d.tsx:4:14)",
    ],
  },
  "/c.tsx": {
    "Page (/c.tsx:7:14)": [
      "InnerImport (/d.tsx:4:14)",
    ],
  },
  "/d.tsx": {
    "AliasedImport (/d.tsx:8:14)": [],
    "InnerImport (/d.tsx:4:14)": [],
  },
}
`;
