export const snapshot = {};

snapshot[`getTopDeclDeps() converts graph into valid TopDeclDeps 1`] = `
{
  "AliasedImport (/d.tsx:6:22)": [
    "a (/a.ts:2:22)",
  ],
  "CompAAA (/b.tsx:6:22)": [
    "aaa (/a.ts:4:19)",
    "a (/a.ts:2:22)",
  ],
  "InnerImport (/d.tsx:5:22)": [
    "Comp (/b.tsx:5:22)",
    "Page (/c.tsx:8:22)",
    "a (/a.ts:2:22)",
  ],
}
`;
